// Jest Snapshot v1, https://goo.gl/fbAQLP

exports[`Shows list 1`] = `
<div
  className="caldera"
>
  <form
    className="horizontal-form-caldera-mc-select-a caldera-form"
    onSubmit={[Function]}
  >
    <div
      className="sc-bdVaJa caldera-form-row caldera-row sc-bwzfXH pjOvZ"
    >
      <div
        className="caldera-column width-1 sc-bdVaJa iHZvIS"
        id="c-caldera-mc-select-a-0"
      />
    </div>
  </form>
</div>
`;
