// Jest Snapshot v1, https://goo.gl/fbAQLP

exports[`MailChimp form Loads if it has proper form 1`] = `
<div>
  <div
    className="caldera"
  >
    <form
      className="mc-45907f0c59 caldera-form"
      onSubmit={[Function]}
    >
      <div
        className="sc-bdVaJa caldera-form-row caldera-row sc-bwzfXH pjOvZ"
        id={undefined}
      >
        <div
          className="caldera-column sc-bdVaJa iHZvIS"
          id="mc-45907f0c59-1-1"
          width={undefined}
        >
          <div
            className="caldera-field-group caldera-field-area-input"
            data-field-type="input"
          >
            <div
              className="caldera-field-wrapper caldera-field-wrapper-text"
            >
              <label
                htmlFor="mc-email"
              >
                Email
                 
              </label>
              <input
                aria-describedby={undefined}
                className="caldera-field caldera-field-text"
                id="mc-email"
                onBlur={[Function]}
                onChange={[Function]}
                placeholder={undefined}
                type="text"
                value={undefined}
              />
            </div>
          </div>
        </div>
        <div
          className="caldera-column sc-bdVaJa iHZvIS"
          id="mc-45907f0c59-1-2"
          width={undefined}
        >
          <div
            className="caldera-field-group caldera-field-area-input"
            data-field-type="input"
          >
            <div
              className="caldera-field-wrapper caldera-field-wrapper-text"
            >
              <label
                htmlFor="FNAME"
              >
                First Name
                 
              </label>
              <input
                aria-describedby={undefined}
                className="caldera-field caldera-field-text"
                id="FNAME"
                onBlur={[Function]}
                onChange={[Function]}
                placeholder={undefined}
                type="text"
                value={undefined}
              />
            </div>
          </div>
        </div>
      </div>
      <div
        className="sc-bdVaJa caldera-form-row caldera-row sc-bwzfXH pjOvZ"
        id={undefined}
      >
        <div
          className="caldera-column sc-bdVaJa iHZvIS"
          id="mc-45907f0c59-2-1"
          width={undefined}
        >
          <div
            className="caldera-field-group caldera-field-area-input"
            data-field-type="input"
          >
            <div
              className="caldera-field-wrapper caldera-field-wrapper-text"
            >
              <label
                htmlFor="LNAME"
              >
                Last Name
                 
              </label>
              <input
                aria-describedby={undefined}
                className="caldera-field caldera-field-text"
                id="LNAME"
                onBlur={[Function]}
                onChange={[Function]}
                placeholder={undefined}
                type="text"
                value={undefined}
              />
            </div>
          </div>
        </div>
        <div
          className="caldera-column sc-bdVaJa iHZvIS"
          id="mc-45907f0c59-2-2"
          width={undefined}
        >
          <div
            className="caldera-field-group caldera-field-area-input"
            data-field-type="input"
          >
            <div
              className="caldera-field-wrapper caldera-field-wrapper-text"
            >
              <label
                htmlFor="MMERGE3"
              >
                Primary Website
                 
              </label>
              <input
                aria-describedby={undefined}
                className="caldera-field caldera-field-text"
                id="MMERGE3"
                onBlur={[Function]}
                onChange={[Function]}
                placeholder={undefined}
                type="text"
                value={undefined}
              />
            </div>
          </div>
        </div>
      </div>
      <div
        className="sc-bdVaJa caldera-form-row caldera-row sc-bwzfXH pjOvZ"
        id={undefined}
      >
        <div
          className="caldera-column sc-bdVaJa iHZvIS"
          id="mc-45907f0c59-3-1"
          width={undefined}
        >
          <div
            className="caldera-field-group caldera-field-area-checkboxes"
            data-field-type="checkboxes"
          >
            <fieldset
              className="caldera-fieldset caldera-fieldset-checkboxes"
            >
              <legend>
                What React Framework Do You Want To Learn?
              </legend>
              <div
                className="caldera-field-wrapper caldera-field-wrapper-checkbox"
              >
                <label
                  htmlFor="75091baaad"
                >
                  Gatsby
                   
                </label>
                <input
                  aria-describedby={undefined}
                  checked={false}
                  className="caldera-field caldera-field-checkbox"
                  id="75091baaad"
                  onChange={[Function]}
                  type="checkbox"
                  value="1"
                />
                <label
                  htmlFor="75091baaad"
                >
                  Gatsby
                   
                </label>
              </div>
              <div
                className="caldera-field-wrapper caldera-field-wrapper-checkbox"
              >
                <label
                  htmlFor="0a4dc88500"
                >
                  Next.Js
                   
                </label>
                <input
                  aria-describedby={undefined}
                  checked={false}
                  className="caldera-field caldera-field-checkbox"
                  id="0a4dc88500"
                  onChange={[Function]}
                  type="checkbox"
                  value="1"
                />
                <label
                  htmlFor="0a4dc88500"
                >
                  Next.Js
                   
                </label>
              </div>
              <div
                className="caldera-field-wrapper caldera-field-wrapper-checkbox"
              >
                <label
                  htmlFor="5a44f196ec"
                >
                  Create React App
                   
                </label>
                <input
                  aria-describedby={undefined}
                  checked={false}
                  className="caldera-field caldera-field-checkbox"
                  id="5a44f196ec"
                  onChange={[Function]}
                  type="checkbox"
                  value="1"
                />
                <label
                  htmlFor="5a44f196ec"
                >
                  Create React App
                   
                </label>
              </div>
            </fieldset>
          </div>
        </div>
      </div>
      <div
        className="sc-bdVaJa caldera-form-row caldera-row sc-bwzfXH pjOvZ"
        id={undefined}
      >
        <div
          className="caldera-column sc-bdVaJa iHZvIS"
          id="mc-45907f0c59-4-2"
          width={undefined}
        >
          <div
            className="caldera-field-group caldera-field-area-submit"
            data-field-type="submit"
          >
            <div
              className="caldera-field-wrapper caldera-field-wrapper-submit"
            >
              <label
                htmlFor="mc-submit"
              >
                 
              </label>
              <input
                className="caldera-field caldera-field-text"
                disabled={false}
                id="mc-submit"
                type="submit"
                value={undefined}
              />
            </div>
          </div>
        </div>
      </div>
    </form>
  </div>
</div>
`;

exports[`MailChimp form Shows spinner if form does not have fields 1`] = `
<div>
  <div
    className="css-16tm1g7-wrapper-wrapper"
  >
    <div
      className="css-1anlcob-pacmanStyle"
    />
    <div
      className="css-1oj2eaa-pacmanStyle"
    />
    <div
      className="css-1y2ttxx-ballStyle"
    />
    <div
      className="css-im5qma-ballStyle"
    />
    <div
      className="css-10tjdos-ballStyle"
    />
    <div
      className="css-x3nw5t-ballStyle"
    />
  </div>
</div>
`;
